[2026-07-29T14:12:03.550208+08:00] [INFO] W2 started; python=3.11.9; orjson=3.11.9; free_bytes=125992062976
[2026-07-29T14:12:03.552461+08:00] [INFO] Full serial scan started: id=meta_electronics; bytes=5246144134; free_bytes=125992058880
[2026-07-29T14:12:07.517124+08:00] [INFO] Scan progress: id=meta_electronics; records=301148; bytes=1073743920; bytes_per_second=270764521; free_bytes=125992042496
[2026-07-29T14:12:11.446041+08:00] [INFO] Scan progress: id=meta_electronics; records=612876; bytes=2147484919; bytes_per_second=272025604; free_bytes=125992050688
[2026-07-29T14:12:15.443128+08:00] [INFO] Scan progress: id=meta_electronics; records=937302; bytes=3221229422; bytes_per_second=270877158; free_bytes=125992058880
[2026-07-29T14:12:19.617978+08:00] [INFO] Scan progress: id=meta_electronics; records=1276087; bytes=4294969357; bytes_per_second=267326191; free_bytes=125991792640
[2026-07-29T14:12:23.497546+08:00] [INFO] Full serial scan completed: id=meta_electronics; records=1610012; errors=0; objects=1610012; seconds=19.945; peak_rss_bytes=None; free_bytes=125991788544
[2026-07-29T14:12:23.502546+08:00] [INFO] Full serial scan started: id=meta_home_and_kitchen; bytes=11788767944; free_bytes=125991780352
[2026-07-29T14:12:27.523424+08:00] [INFO] Scan progress: id=meta_home_and_kitchen; records=299244; bytes=1073742633; bytes_per_second=267046588; free_bytes=125991776256
[2026-07-29T14:12:31.668558+08:00] [INFO] Scan progress: id=meta_home_and_kitchen; records=611956; bytes=2147487637; bytes_per_second=262971878; free_bytes=125991776256
[2026-07-29T14:12:35.754603+08:00] [INFO] Scan progress: id=meta_home_and_kitchen; records=931988; bytes=3221226806; bytes_per_second=262923148; free_bytes=125991792640
[2026-07-29T14:12:39.943296+08:00] [INFO] Scan progress: id=meta_home_and_kitchen; records=1257322; bytes=4294968203; bytes_per_second=261246745; free_bytes=125991784448
[2026-07-29T14:12:44.309666+08:00] [INFO] Scan progress: id=meta_home_and_kitchen; records=1587330; bytes=5368710962; bytes_per_second=258028340; free_bytes=125991788544
[2026-07-29T14:12:48.709302+08:00] [INFO] Scan progress: id=meta_home_and_kitchen; records=1922803; bytes=6442451154; bytes_per_second=255588690; free_bytes=125991677952
[2026-07-29T14:12:53.114198+08:00] [INFO] Scan progress: id=meta_home_and_kitchen; records=2270561; bytes=7516196851; bytes_per_second=253828996; free_bytes=125991153664
[2026-07-29T14:12:57.575799+08:00] [INFO] Scan progress: id=meta_home_and_kitchen; records=2619971; bytes=8589934870; bytes_per_second=252103524; free_bytes=125991153664
[2026-07-29T14:13:02.047548+08:00] [INFO] Scan progress: id=meta_home_and_kitchen; records=2981535; bytes=9663677506; bytes_per_second=250715646; free_bytes=125991153664
[2026-07-29T14:13:07.134415+08:00] [INFO] Scan progress: id=meta_home_and_kitchen; records=3361845; bytes=10737419142; bytes_per_second=246090671; free_bytes=125991149568
[2026-07-29T14:13:11.948648+08:00] [INFO] Full serial scan completed: id=meta_home_and_kitchen; records=3735584; errors=0; objects=3735584; seconds=48.446; peak_rss_bytes=None; free_bytes=125991145472
[2026-07-29T14:13:11.955647+08:00] [INFO] Full serial scan started: id=reviews_electronics; bytes=22616233652; free_bytes=125991137280
[2026-07-29T14:13:24.077757+08:00] [INFO] Scan progress: id=reviews_electronics; records=1912477; bytes=1073742993; bytes_per_second=88574643; free_bytes=125991071744
[2026-07-29T14:13:36.978465+08:00] [INFO] Scan progress: id=reviews_electronics; records=3937225; bytes=2147483715; bytes_per_second=85817628; free_bytes=125990907904
[2026-07-29T14:13:43.557877+08:00] [INFO] Scan progress: id=reviews_electronics; records=5000000; bytes=2705893272; bytes_per_second=85620700; free_bytes=125990916096
[2026-07-29T14:13:50.107096+08:00] [INFO] Scan progress: id=reviews_electronics; records=5974596; bytes=3221225556; bytes_per_second=84432223; free_bytes=125990924288
[2026-07-29T14:14:01.988083+08:00] [INFO] Scan progress: id=reviews_electronics; records=7886951; bytes=4294968833; bytes_per_second=85842528; free_bytes=125990727680
[2026-07-29T14:14:14.937635+08:00] [INFO] Scan progress: id=reviews_electronics; records=9995355; bytes=5368709695; bytes_per_second=85240701; free_bytes=125990584320
[2026-07-29T14:14:14.963125+08:00] [INFO] Scan progress: id=reviews_electronics; records=10000000; bytes=5370896043; bytes_per_second=85242096; free_bytes=125990584320
[2026-07-29T14:15:11.177941+08:00] [INFO] W2 started; python=3.11.9; orjson=3.11.9; free_bytes=125989621760
[2026-07-29T14:15:11.193940+08:00] [INFO] Full serial scan started: id=meta_electronics; bytes=5246144134; free_bytes=125989621760
[2026-07-29T14:15:15.174609+08:00] [INFO] Scan progress: id=meta_electronics; records=301148; bytes=1073743920; bytes_per_second=269711154; free_bytes=125989613568
[2026-07-29T14:15:19.161007+08:00] [INFO] Scan progress: id=meta_electronics; records=612876; bytes=2147484919; bytes_per_second=269530620; free_bytes=125989605376
[2026-07-29T14:15:23.125626+08:00] [INFO] Scan progress: id=meta_electronics; records=937302; bytes=3221229422; bytes_per_second=269953940; free_bytes=125989613568
[2026-07-29T14:15:27.244912+08:00] [INFO] Scan progress: id=meta_electronics; records=1276087; bytes=4294969357; bytes_per_second=267582533; free_bytes=125989613568
[2026-07-29T14:15:31.138344+08:00] [INFO] Full serial scan completed: id=meta_electronics; records=1610012; errors=0; objects=1610012; seconds=19.944; peak_rss_bytes=38264832; free_bytes=125989625856
[2026-07-29T14:15:31.153357+08:00] [INFO] Full serial scan started: id=meta_home_and_kitchen; bytes=11788767944; free_bytes=125989625856
[2026-07-29T14:15:35.482273+08:00] [INFO] Scan progress: id=meta_home_and_kitchen; records=299244; bytes=1073742633; bytes_per_second=248047063; free_bytes=125989601280
[2026-07-29T14:15:39.807039+08:00] [INFO] Scan progress: id=meta_home_and_kitchen; records=611956; bytes=2147487637; bytes_per_second=248146693; free_bytes=125989474304
[2026-07-29T14:15:44.361436+08:00] [INFO] Scan progress: id=meta_home_and_kitchen; records=931988; bytes=3221226806; bytes_per_second=243885101; free_bytes=125989470208
[2026-07-29T14:15:49.119254+08:00] [INFO] Scan progress: id=meta_home_and_kitchen; records=1257322; bytes=4294968203; bytes_per_second=239064777; free_bytes=125989359616
[2026-07-29T14:15:53.668833+08:00] [INFO] Scan progress: id=meta_home_and_kitchen; records=1587330; bytes=5368710962; bytes_per_second=238449681; free_bytes=125989359616
[2026-07-29T14:15:58.139162+08:00] [INFO] Scan progress: id=meta_home_and_kitchen; records=1922803; bytes=6442451154; bytes_per_second=238735753; free_bytes=125989371904
[2026-07-29T14:16:02.651948+08:00] [INFO] Scan progress: id=meta_home_and_kitchen; records=2270561; bytes=7516196851; bytes_per_second=238618969; free_bytes=125989380096
[2026-07-29T14:16:07.342086+08:00] [INFO] Scan progress: id=meta_home_and_kitchen; records=2619971; bytes=8589934870; bytes_per_second=237364566; free_bytes=125989388288
[2026-07-29T14:16:11.949711+08:00] [INFO] Scan progress: id=meta_home_and_kitchen; records=2981535; bytes=9663677506; bytes_per_second=236875770; free_bytes=125989396480
[2026-07-29T14:16:16.860620+08:00] [INFO] Scan progress: id=meta_home_and_kitchen; records=3361845; bytes=10737419142; bytes_per_second=234916843; free_bytes=125989400576
[2026-07-29T14:16:21.526161+08:00] [INFO] Full serial scan completed: id=meta_home_and_kitchen; records=3735584; errors=0; objects=3735584; seconds=50.372; peak_rss_bytes=38391808; free_bytes=125989400576
[2026-07-29T14:16:21.532157+08:00] [INFO] Full serial scan started: id=reviews_electronics; bytes=22616233652; free_bytes=125989400576
[2026-07-29T14:16:33.257650+08:00] [INFO] Scan progress: id=reviews_electronics; records=1912477; bytes=1073742993; bytes_per_second=91567513; free_bytes=125989318656
[2026-07-29T14:16:45.690800+08:00] [INFO] Scan progress: id=reviews_electronics; records=3937225; bytes=2147483715; bytes_per_second=88886718; free_bytes=125989187584
[2026-07-29T14:16:52.384646+08:00] [INFO] Scan progress: id=reviews_electronics; records=5000000; bytes=2705893272; bytes_per_second=87703719; free_bytes=125989187584
[2026-07-29T14:16:58.103188+08:00] [INFO] Scan progress: id=reviews_electronics; records=5974596; bytes=3221225556; bytes_per_second=88080264; free_bytes=125989056512
[2026-07-29T14:17:09.358876+08:00] [INFO] Scan progress: id=reviews_electronics; records=7886951; bytes=4294968833; bytes_per_second=89802278; free_bytes=125989056512
[2026-07-29T14:17:21.726554+08:00] [INFO] Scan progress: id=reviews_electronics; records=9995355; bytes=5368709695; bytes_per_second=89188671; free_bytes=125989056512
[2026-07-29T14:17:21.751557+08:00] [INFO] Scan progress: id=reviews_electronics; records=10000000; bytes=5370896043; bytes_per_second=89187808; free_bytes=125989056512
[2026-07-29T14:17:34.275913+08:00] [INFO] Scan progress: id=reviews_electronics; records=12072245; bytes=6442451219; bytes_per_second=88563054; free_bytes=125988982784
[2026-07-29T14:17:46.242462+08:00] [INFO] Scan progress: id=reviews_electronics; records=14083258; bytes=7516192993; bytes_per_second=88727915; free_bytes=125988978688
[2026-07-29T14:17:51.786993+08:00] [INFO] Scan progress: id=reviews_electronics; records=15000000; bytes=7982041386; bytes_per_second=88438038; free_bytes=125988958208
[2026-07-29T14:17:58.681823+08:00] [INFO] Scan progress: id=reviews_electronics; records=16183406; bytes=8589934929; bytes_per_second=88418764; free_bytes=125988843520
[2026-07-29T14:18:10.978374+08:00] [INFO] Scan progress: id=reviews_electronics; records=18302972; bytes=9663676678; bytes_per_second=88295885; free_bytes=125988847616
[2026-07-29T14:18:20.787106+08:00] [INFO] Scan progress: id=reviews_electronics; records=20000000; bytes=10564844557; bytes_per_second=88590065; free_bytes=125988847616
[2026-07-29T14:18:22.767533+08:00] [INFO] Scan progress: id=reviews_electronics; records=20333562; bytes=10737418425; bytes_per_second=88566012; free_bytes=125988847616
[2026-07-29T14:18:34.799607+08:00] [INFO] Scan progress: id=reviews_electronics; records=22377623; bytes=11811161330; bytes_per_second=88627261; free_bytes=125988847616
[2026-07-29T14:18:47.895521+08:00] [INFO] Scan progress: id=reviews_electronics; records=24444761; bytes=12884901920; bytes_per_second=88033434; free_bytes=125988192256
[2026-07-29T14:18:51.450562+08:00] [INFO] Scan progress: id=reviews_electronics; records=25000000; bytes=13168135903; bytes_per_second=87834825; free_bytes=125988184064
[2026-07-29T14:19:00.441897+08:00] [INFO] Scan progress: id=reviews_electronics; records=26546074; bytes=13958643901; bytes_per_second=87840037; free_bytes=125988192256
[2026-07-29T14:19:12.508806+08:00] [INFO] Scan progress: id=reviews_electronics; records=28649587; bytes=15032385852; bytes_per_second=87920283; free_bytes=125988122624
[2026-07-29T14:19:20.610400+08:00] [INFO] Scan progress: id=reviews_electronics; records=30000000; bytes=15724285796; bytes_per_second=87806569; free_bytes=125987987456
[2026-07-29T14:19:24.700240+08:00] [INFO] Scan progress: id=reviews_electronics; records=30718684; bytes=16106127432; bytes_per_second=87930644; free_bytes=125987921920
[2026-07-29T14:19:37.080495+08:00] [INFO] Scan progress: id=reviews_electronics; records=32872129; bytes=17179869371; bytes_per_second=87854520; free_bytes=125987799040
[2026-07-29T14:19:50.400849+08:00] [INFO] Scan progress: id=reviews_electronics; records=35000000; bytes=18222120843; bytes_per_second=87241813; free_bytes=125987651584
[2026-07-29T14:19:50.733868+08:00] [INFO] Scan progress: id=reviews_electronics; records=35058847; bytes=18253611107; bytes_per_second=87253474; free_bytes=125987651584
[2026-07-29T14:20:03.139609+08:00] [INFO] Scan progress: id=reviews_electronics; records=37186595; bytes=19327353139; bytes_per_second=87214162; free_bytes=125992771584
[2026-07-29T14:20:15.307916+08:00] [INFO] Scan progress: id=reviews_electronics; records=39353298; bytes=20401094712; bytes_per_second=87267733; free_bytes=125992648704
[2026-07-29T14:20:19.098941+08:00] [INFO] Scan progress: id=reviews_electronics; records=40000000; bytes=20722735409; bytes_per_second=87228999; free_bytes=125992501248
[2026-07-29T14:20:27.833816+08:00] [INFO] Scan progress: id=reviews_electronics; records=41556098; bytes=21474836800; bytes_per_second=87189193; free_bytes=125992349696
[2026-07-29T14:20:41.268936+08:00] [INFO] Scan progress: id=reviews_electronics; records=43749481; bytes=22548578927; bytes_per_second=86813153; free_bytes=125990801408
[2026-07-29T14:20:42.151126+08:00] [INFO] Full serial scan completed: id=reviews_electronics; records=43886944; errors=0; objects=43886944; seconds=260.619; peak_rss_bytes=39202816; free_bytes=125990801408
[2026-07-29T14:20:42.160274+08:00] [INFO] Full serial scan started: id=reviews_home_and_kitchen; bytes=31408889188; free_bytes=125990793216
[2026-07-29T14:20:54.958294+08:00] [INFO] Scan progress: id=reviews_home_and_kitchen; records=2083778; bytes=1073743363; bytes_per_second=83895453; free_bytes=125990785024
[2026-07-29T14:21:08.160442+08:00] [INFO] Scan progress: id=reviews_home_and_kitchen; records=4296059; bytes=2147483707; bytes_per_second=82593706; free_bytes=125989605376
[2026-07-29T14:21:12.792064+08:00] [INFO] Scan progress: id=reviews_home_and_kitchen; records=5000000; bytes=2479379452; bytes_per_second=80940834; free_bytes=125988806656
[2026-07-29T14:21:22.210965+08:00] [INFO] Scan progress: id=reviews_home_and_kitchen; records=6544908; bytes=3221225597; bytes_per_second=80429223; free_bytes=125988528128
[2026-07-29T14:21:34.794687+08:00] [INFO] Scan progress: id=reviews_home_and_kitchen; records=8795190; bytes=4294967330; bytes_per_second=81599046; free_bytes=125988536320
[2026-07-29T14:21:41.696746+08:00] [INFO] Scan progress: id=reviews_home_and_kitchen; records=10000000; bytes=4858976204; bytes_per_second=81613706; free_bytes=125988528128
[2026-07-29T14:21:47.950441+08:00] [INFO] Scan progress: id=reviews_home_and_kitchen; records=11074811; bytes=5368709502; bytes_per_second=81603632; free_bytes=125988405248
[2026-07-29T14:22:00.172814+08:00] [INFO] Scan progress: id=reviews_home_and_kitchen; records=13227356; bytes=6442451019; bytes_per_second=82582281; free_bytes=125988405248
[2026-07-29T14:22:11.016432+08:00] [INFO] Scan progress: id=reviews_home_and_kitchen; records=15000000; bytes=7288995013; bytes_per_second=82031403; free_bytes=125988380672
[2026-07-29T14:22:14.144353+08:00] [INFO] Scan progress: id=reviews_home_and_kitchen; records=15493037; bytes=7516193016; bytes_per_second=81711865; free_bytes=125988384768
[2026-07-29T14:22:28.528905+08:00] [INFO] Scan progress: id=reviews_home_and_kitchen; records=17794696; bytes=8589934810; bytes_per_second=80755960; free_bytes=125988225024
[2026-07-29T14:22:44.007123+08:00] [INFO] Scan progress: id=reviews_home_and_kitchen; records=20000000; bytes=9599980159; bytes_per_second=78787159; free_bytes=125989928960
[2026-07-29T14:22:45.549831+08:00] [INFO] Scan progress: id=reviews_home_and_kitchen; records=20135324; bytes=9663676575; bytes_per_second=78318713; free_bytes=125989801984
[2026-07-29T14:23:14.469539+08:00] [INFO] Scan progress: id=reviews_home_and_kitchen; records=22445099; bytes=10737418702; bytes_per_second=70497539; free_bytes=125760782336
[2026-07-29T14:23:33.463985+08:00] [INFO] Scan progress: id=reviews_home_and_kitchen; records=24665901; bytes=11811160337; bytes_per_second=68948768; free_bytes=125785067520
[2026-07-29T14:23:35.996115+08:00] [INFO] Scan progress: id=reviews_home_and_kitchen; records=25000000; bytes=11964108120; bytes_per_second=68824381; free_bytes=125785067520
[2026-07-29T14:23:52.032153+08:00] [INFO] Scan progress: id=reviews_home_and_kitchen; records=26985370; bytes=12884902086; bytes_per_second=67860951; free_bytes=125785042944
[2026-07-29T14:24:06.548241+08:00] [INFO] Scan progress: id=reviews_home_and_kitchen; records=29286465; bytes=13958644230; bytes_per_second=68295005; free_bytes=125784571904
[2026-07-29T14:24:10.936508+08:00] [INFO] Scan progress: id=reviews_home_and_kitchen; records=30000000; bytes=14292857881; bytes_per_second=68460367; free_bytes=125784571904
[2026-07-29T14:24:21.207719+08:00] [INFO] Scan progress: id=reviews_home_and_kitchen; records=31606164; bytes=15032385669; bytes_per_second=68626256; free_bytes=125775519744
[2026-07-29T14:24:35.422730+08:00] [INFO] Scan progress: id=reviews_home_and_kitchen; records=33928240; bytes=16106127665; bytes_per_second=69047414; free_bytes=125620019200
[2026-07-29T14:24:41.997898+08:00] [INFO] Scan progress: id=reviews_home_and_kitchen; records=35000000; bytes=16634807584; bytes_per_second=69358606; free_bytes=125528178688
[2026-07-29T14:24:48.968301+08:00] [INFO] Scan progress: id=reviews_home_and_kitchen; records=36149157; bytes=17179869357; bytes_per_second=69608449; free_bytes=125435441152
[2026-07-29T14:25:02.662507+08:00] [INFO] Scan progress: id=reviews_home_and_kitchen; records=38410800; bytes=18253611232; bytes_per_second=70070819; free_bytes=125245652992
[2026-07-29T14:25:12.334761+08:00] [INFO] Scan progress: id=reviews_home_and_kitchen; records=40000000; bytes=18989101433; bytes_per_second=70284648; free_bytes=125114310656
[2026-07-29T14:25:16.907818+08:00] [INFO] Scan progress: id=reviews_home_and_kitchen; records=40739547; bytes=19327353240; bytes_per_second=70346049; free_bytes=125055524864
[2026-07-29T14:25:30.599567+08:00] [INFO] Scan progress: id=reviews_home_and_kitchen; records=43040063; bytes=20401094708; bytes_per_second=70729241; free_bytes=124892069888
[2026-07-29T14:25:42.109670+08:00] [INFO] Scan progress: id=reviews_home_and_kitchen; records=45000000; bytes=21304829157; bytes_per_second=71028104; free_bytes=124753317888
[2026-07-29T14:25:44.338753+08:00] [INFO] Scan progress: id=reviews_home_and_kitchen; records=45373840; bytes=21474836669; bytes_per_second=71066788; free_bytes=124727439360
[2026-07-29T14:25:58.091893+08:00] [INFO] Scan progress: id=reviews_home_and_kitchen; records=47734499; bytes=22548578338; bytes_per_second=71371777; free_bytes=124564987904
[2026-07-29T14:26:11.503316+08:00] [INFO] Scan progress: id=reviews_home_and_kitchen; records=50000000; bytes=23578272524; bytes_per_second=71591885; free_bytes=124400812032
[2026-07-29T14:26:12.082975+08:00] [INFO] Scan progress: id=reviews_home_and_kitchen; records=50094186; bytes=23622320365; bytes_per_second=71599582; free_bytes=124392292352
[2026-07-29T14:26:26.663941+08:00] [INFO] Scan progress: id=reviews_home_and_kitchen; records=52396512; bytes=24696062205; bytes_per_second=71685937; free_bytes=125788864512
[2026-07-29T14:26:41.161529+08:00] [INFO] Scan progress: id=reviews_home_and_kitchen; records=54802751; bytes=25769803943; bytes_per_second=71782008; free_bytes=125587918848
[2026-07-29T14:26:42.386782+08:00] [INFO] Scan progress: id=reviews_home_and_kitchen; records=55000000; bytes=25857670920; bytes_per_second=71781850; free_bytes=125587918848
[2026-07-29T14:26:55.521432+08:00] [INFO] Scan progress: id=reviews_home_and_kitchen; records=57194970; bytes=26843545754; bytes_per_second=71897195; free_bytes=125788639232
[2026-07-29T14:27:09.851399+08:00] [INFO] Scan progress: id=reviews_home_and_kitchen; records=59589196; bytes=27917287711; bytes_per_second=72009188; free_bytes=125788520448
[2026-07-29T14:27:12.407857+08:00] [INFO] Scan progress: id=reviews_home_and_kitchen; records=60000000; bytes=28104441409; bytes_per_second=72017052; free_bytes=125788520448
[2026-07-29T14:27:24.700813+08:00] [INFO] Scan progress: id=reviews_home_and_kitchen; records=61964321; bytes=28991029341; bytes_per_second=72020336; free_bytes=125788450816
[2026-07-29T14:27:39.330974+08:00] [INFO] Scan progress: id=reviews_home_and_kitchen; records=64386509; bytes=30064771387; bytes_per_second=72068448; free_bytes=125788274688
[2026-07-29T14:27:42.951849+08:00] [INFO] Scan progress: id=reviews_home_and_kitchen; records=65000000; bytes=30338325700; bytes_per_second=72098399; free_bytes=125788160000
[2026-07-29T14:27:53.804695+08:00] [INFO] Scan progress: id=reviews_home_and_kitchen; records=66801855; bytes=31138513562; bytes_per_second=72139402; free_bytes=125788028928
[2026-07-29T14:27:57.640554+08:00] [INFO] Full serial scan completed: id=reviews_home_and_kitchen; records=67409944; errors=0; objects=67409944; seconds=435.480; peak_rss_bytes=39305216; free_bytes=125787979776
[2026-07-29T14:27:57.695068+08:00] [INFO] W2 finished with status=PASS.
